11.42.17(Basic): Version: 1.4.3.682
11.42.17(Basic): D3D created. Adapter name: AMD Radeon RX 9070 (RADV GFX1201). Driver: aticfx32.dll
11.42.17(Basic): D3DDevice created
11.42.17(Basic): D3DFont created
11.42.17(Basic): D3D8 Caps 1:1 2:0 3:131072 4:537526272 5:32 6:2147483663 7:1 8:1818352 9:4082 10:7561617 11:255 12:8191 13:8191 14:255 15:541192 16:126149 17:117638912 18:117638912 19:117638912 20:63 21:63 22:31 23:16384 24:16384 25:8192 26:8192 27:8192 28:16 29:255 30:1048584 31:67108863 32:8 33:8 34:123 35:8 36:6 37:4 38:8 39:5592405 40:16777215 41:16 42:508 43:4294836481 44:256 45:4294902020
11.42.17(Basic): Resource file Z:\mnt\hdd-datastore0\Games\evil-islands\drive_c\EIStarter OBT-1\mods\Universal-Mod\res\database.res loaded.
11.42.17(Basic): Resource file Z:\mnt\hdd-datastore0\Games\evil-islands\drive_c\EIStarter OBT-1\mods\Universal-Mod\res\databaseadb.res loaded.
11.42.17(Basic): Resource file Z:\mnt\hdd-datastore0\Games\evil-islands\drive_c\EIStarter OBT-1\mods\Universal-Mod\res\databaselmp.res loaded.
11.42.17(Basic): Resource file Z:\mnt\hdd-datastore0\Games\evil-islands\drive_c\EIStarter OBT-1\mods\Universal-Mod\res\figures.res loaded.
11.42.17(Basic): Resource file Z:\mnt\hdd-datastore0\Games\evil-islands\drive_c\EIStarter OBT-1\mods\Universal-Mod\res\redress.res loaded.
11.42.17(Basic): Resource file Z:\mnt\hdd-datastore0\Games\evil-islands\drive_c\EIStarter OBT-1\mods\Universal-Mod\res\sfx-kiel.res loaded.
11.42.17(Basic): Resource file Z:\mnt\hdd-datastore0\Games\evil-islands\drive_c\EIStarter OBT-1\mods\Universal-Mod\res\sfx-kir.res loaded.
11.42.17(Basic): Resource file Z:\mnt\hdd-datastore0\Games\evil-islands\drive_c\EIStarter OBT-1\mods\Universal-Mod\res\texts.res loaded.
11.42.17(Basic): Resource file Z:\mnt\hdd-datastore0\Games\evil-islands\drive_c\EIStarter OBT-1\mods\Universal-Mod\res\textslmp.res loaded.
11.42.17(Basic): Resource file Z:\mnt\hdd-datastore0\Games\evil-islands\drive_c\EIStarter OBT-1\mods\Universal-Mod\res\textures-zones.res loaded.
11.42.17(Basic): Resource file Z:\mnt\hdd-datastore0\Games\evil-islands\drive_c\EIStarter OBT-1\mods\Universal-Mod\res\textures.res loaded.
11.42.17(Basic): Resource file Z:\mnt\hdd-datastore0\Games\evil-islands\drive_c\Evil Islands\res\aiinfo.res loaded.
11.42.17(Basic): Resource file Z:\mnt\hdd-datastore0\Games\evil-islands\drive_c\Evil Islands\res\database.res loaded.
11.42.17(Basic): Resource file Z:\mnt\hdd-datastore0\Games\evil-islands\drive_c\Evil Islands\res\databaselmp.res loaded.
11.42.17(Basic): Resource file Z:\mnt\hdd-datastore0\Games\evil-islands\drive_c\Evil Islands\res\figures.res loaded.
11.42.17(Basic): Resource file Z:\mnt\hdd-datastore0\Games\evil-islands\drive_c\Evil Islands\res\gfx.res loaded.
11.42.17(Basic): Resource file Z:\mnt\hdd-datastore0\Games\evil-islands\drive_c\Evil Islands\res\materials.res loaded.
11.42.17(Basic): Resource file Z:\mnt\hdd-datastore0\Games\evil-islands\drive_c\Evil Islands\res\menus.res loaded.
11.42.17(Basic): Resource file Z:\mnt\hdd-datastore0\Games\evil-islands\drive_c\Evil Islands\res\outro.res loaded.
11.42.17(Basic): Resource file Z:\mnt\hdd-datastore0\Games\evil-islands\drive_c\Evil Islands\res\redress.res loaded.
11.42.17(Basic): Resource file Z:\mnt\hdd-datastore0\Games\evil-islands\drive_c\Evil Islands\res\sfx.res loaded.
11.42.17(Basic): Resource file Z:\mnt\hdd-datastore0\Games\evil-islands\drive_c\Evil Islands\res\speech.res loaded.
11.42.17(Basic): Resource file Z:\mnt\hdd-datastore0\Games\evil-islands\drive_c\Evil Islands\res\texts.res loaded.
11.42.17(Basic): Resource file Z:\mnt\hdd-datastore0\Games\evil-islands\drive_c\Evil Islands\res\textslmp.res loaded.
11.42.17(Basic): Resource file Z:\mnt\hdd-datastore0\Games\evil-islands\drive_c\Evil Islands\res\textures.res loaded.
11.42.17(Basic): Loaded units database from databaselmp.res
11.42.17(Basic): Loaded items database from databaselmp.res
